    Checking cfg-if v1.0.5
    Checking libc v0.2.190
    Checking typenum v1.20.1
    Checking serde_core v1.0.229
    Checking foldhash v0.2.0
    Checking scopeguard v1.2.0
    Checking once_cell v1.21.4
    Checking simdutf8 v0.1.5
    Checking core_detect v1.0.0
    Checking arraydeque v0.5.1
    Checking hashbrown v0.17.1
    Checking encoding_rs v0.8.42
    Checking zmij v1.0.23
    Checking generic-array v0.14.7
    Checking zerocopy v0.8.60
    Checking unicode-width v0.2.2
    Checking getrandom v0.3.4
    Checking anstyle v1.0.14
    Checking smallvec v1.15.2
    Checking block-buffer v0.10.4
    Checking crypto-common v0.1.7
    Checking annotate-snippets v0.12.16
    Checking digest v0.10.7
    Checking granit-parser v0.0.7
    Checking encoding_rs_io v0.1.8
    Checking num-traits v0.2.19
    Checking hashlink v0.12.2
    Checking itoa v1.0.18
    Checking cpufeatures v0.2.17
    Checking memchr v2.8.3
    Checking base64 v0.22.1
    Checking linux-raw-sys v0.12.1
    Checking bitflags v2.13.2
    Checking nohash-hasher v0.2.0
    Checking yaml-rust2 v0.13.0
    Checking serde v1.0.229
    Checking sha2 v0.10.9
    Checking rustix v1.1.5
    Checking serde_json v1.0.151
    Checking getrandom v0.4.3
    Checking anyhow v1.0.104
    Checking fastrand v2.5.0
    Checking tempfile v3.27.0
    Checking ahash v0.8.12
    Checking serde-saphyr v0.0.29
    Checking looom v0.1.0 (/workspace)
    Finished `dev` profile [unoptimized + debuginfo] target(s) in 5.19s
