+ systemd-detect-virt --vm
kvm
+ findmnt -no OPTIONS /
ro,noatime,compress=zstd:3,discard=async,space_cache=v2,subvolid=269,subvol=/@root-apps-a
+ which flatpak
/usr/bin/flatpak
+ which distrobox
/usr/bin/distrobox
+ which podman
/usr/bin/podman
+ which fusermount
/usr/bin/fusermount
+ looom apps init
Created /home/kexfff/looom/apps.yaml
+ looom apps check
Valid apps schema 1
+ looom apps plan
{
  "schema": 1,
  "flatpak": [
    "org.gnome.Calculator"
  ],
  "arch": {
    "image": "docker.io/library/archlinux:latest",
    "packages": [
      "tree",
      "xterm"
    ],
    "exports": [
      "xterm"
    ]
  },
  "appimages": {
    "tool": {
      "url": "https://github.com/AppImage/appimagetool/releases/download/1.9.1/appimagetool-x86_64.AppImage",
      "source": null,
      "sha256": "ed4ce84f0d9caff66f50bcca6ff6f35aae54ce8135408b3fa33abfc3cb384eb0",
      "name": "Looom AppImage acceptance"
    },
    "tool-local": {
      "url": null,
      "source": "./acceptance/appimagetool.AppImage",
      "sha256": "ed4ce84f0d9caff66f50bcca6ff6f35aae54ce8135408b3fa33abfc3cb384eb0",
      "name": null
    }
  }
}
+ looom apps apply
Installing runtime/org.freedesktop.Platform.GL.default/x86_64/26.08
Installing runtime/org.freedesktop.Platform.GL.default/x86_64/26.08-extra
Installing runtime/org.freedesktop.Platform.codecs-extra/x86_64/26.08-extra
Installing runtime/org.gnome.Calculator.Locale/x86_64/stable
Installing runtime/org.gnome.Platform.Locale/x86_64/51
Installing runtime/org.gnome.Platform/x86_64/51
Installing app/org.gnome.Calculator/x86_64/stable
Creating rootless looom-arch (docker.io/library/archlinux:latest)
Trying to pull docker.io/library/archlinux:latest...
Getting image source signatures
Copying blob sha256:97290d28223872e83bae823bbb5bdad6ffb2590145b4cb023bc2faec2e44f45a
Copying blob sha256:9df4a71740bac465174ffcdc445e624409ab822c1738302325b03887fbf75daf
Copying config sha256:757718cecb34fbe2c56e22b5f6299a45f149c7ce1c9b85def543a340bacdf7af
Writing manifest to image destination
757718cecb34fbe2c56e22b5f6299a45f149c7ce1c9b85def543a340bacdf7af
Creating 'looom-arch' using image docker.io/library/archlinux:latest	[32m [ OK ]
[0mDistrobox 'looom-arch' successfully created.
To enter, run:

distrobox enter looom-arch

resolving dependencies...
warning: tree-2.3.2-1 is up to date -- skipping
looking for conflicting packages...

Package (9)        New Version  Net Change  Download Size

extra/fontconfig   2:2.18.3-2     1.33 MiB       0.40 MiB
extra/freetype2    2.14.3-1       1.66 MiB       0.52 MiB
extra/libpng       1.6.59-1       0.58 MiB       0.25 MiB
extra/libutempter  1.2.3-1        0.03 MiB       0.01 MiB
extra/libxaw       1.0.16-2       1.65 MiB       0.35 MiB
extra/libxft       2.3.9-1        0.13 MiB       0.06 MiB
extra/libxpm       3.5.19-1       0.16 MiB       0.07 MiB
extra/libxrender   0.9.12-1       0.09 MiB       0.03 MiB
extra/xterm        411-1          1.07 MiB       0.46 MiB

Total Download Size:   2.15 MiB
Total Installed Size:  6.71 MiB

:: Proceed with installation? [Y/n] 
:: Retrieving packages...
 freetype2-2.14.3-1-x86_64 downloading...
 xterm-411-1-x86_64 downloading...
 fontconfig-2:2.18.3-2-x86_64 downloading...
 libxaw-1.0.16-2-x86_64 downloading...
 libpng-1.6.59-1-x86_64 downloading...
 libxpm-3.5.19-1-x86_64 downloading...
 libxft-2.3.9-1-x86_64 downloading...
 libxrender-0.9.12-1-x86_64 downloading...
 libutempter-1.2.3-1-x86_64 downloading...
checking keyring...
checking package integrity...
loading package files...
checking for file conflicts...
:: Running pre-transaction hooks...
(1/1) Distrobox hook /etc/distrobox-pre-hook.sh...
:: Processing package changes...
installing libpng...
installing freetype2...
Optional dependencies for freetype2
    harfbuzz: Improved autohinting
installing fontconfig...
Creating fontconfig configuration...
Rebuilding fontconfig cache...
installing libutempter...
installing libxpm...
installing libxaw...
installing libxrender...
installing libxft...
installing xterm...
Optional dependencies for xterm
    luit: locale converter for -lc option
    xorg-mkfontscale: font scaling
:: Running post-transaction hooks...
(1/6) Creating temporary files...
(2/6) Arming ConditionNeedsUpdate...
(3/6) Updating fontconfig configuration...
(4/6) Distrobox hook /etc/distrobox-post-hook.sh...
(5/6) Distrobox hook /usr/share/libalpm/scripts/distrobox_post_hook.sh...
(6/6) Updating fontconfig cache...
Application xterm successfully exported.
OK!
xterm will appear in your applications list in a few seconds.
  % Total    % Received % Xferd  Average Speed  Time    Time    Time   Current
                                 Dload  Upload  Total   Spent   Left   Speed

  0      0   0      0   0      0      0      0                              0
  0      0   0      0   0      0      0      0                              0
  0      0   0      0   0      0      0      0                              0

  0      0   0      0   0      0      0      0                              0
100 14.39M 100 14.39M   0      0 16.52M      0                              0
100 14.39M 100 14.39M   0      0 16.52M      0                              0
100 14.39M 100 14.39M   0      0 16.52M      0                              0
Applications applied; manual applications and previous AppImages retained
+ looom apps status
{
  "appimages": {
    "tool": true,
    "tool-local": true
  },
  "arch_container": true,
  "flatpak": {
    "org.gnome.Calculator": true
  },
  "last_apply": true
}
+ flatpak run org.gnome.Calculator --version
gnome-calculator 51.0
+ looom apps exec -- tree --version
tree v2.3.2 © 1996 - 2026 by Steve Baker, Thomas Moore, Francesc Rocher, Florian Sesser, Kyosuke Tokoro
+ looom apps exec -- xterm -version
XTerm(411)
+ looom apps launch tool -- --version
appimagetool, continuous build (git version 8c8c91f), build 296 built on 2025-12-04 17:55:56 UTC
+ looom apps launch tool-local -- --version
appimagetool, continuous build (git version 8c8c91f), build 296 built on 2025-12-04 17:55:56 UTC
PASS: declared applications execute in a read-only system
+ looom apps apply
warning: tree-2.3.2-1 is up to date -- skipping
warning: xterm-411-1 is up to date -- skipping
 there is nothing to do
Application xterm successfully exported.
OK!
xterm will appear in your applications list in a few seconds.
Applications applied; manual applications and previous AppImages retained
+ looom apps run-script /home/kexfff/looom/acceptance/installer.sh /home/kexfff/looom/acceptance/installer-result.txt literal spaces; $(touch /tmp/looom-should-not-exist)
resolving dependencies...
looking for conflicting packages...

Package (2)      New Version  Net Change  Download Size

extra/oniguruma  6.9.10-1       0.88 MiB       0.22 MiB
extra/jq         1.8.2-1        0.47 MiB       0.20 MiB

Total Download Size:   0.42 MiB
Total Installed Size:  1.35 MiB

:: Proceed with installation? [Y/n] 
:: Retrieving packages...
 oniguruma-6.9.10-1-x86_64 downloading...
 jq-1.8.2-1-x86_64 downloading...
checking keyring...
checking package integrity...
loading package files...
checking for file conflicts...
:: Running pre-transaction hooks...
(1/1) Distrobox hook /etc/distrobox-pre-hook.sh...
:: Processing package changes...
installing oniguruma...
installing jq...
:: Running post-transaction hooks...
(1/3) Arming ConditionNeedsUpdate...
(2/3) Distrobox hook /etc/distrobox-post-hook.sh...
(3/3) Distrobox hook /usr/share/libalpm/scripts/distrobox_post_hook.sh...
warning: bc-1.08.2-1 is up to date -- skipping
 there is nothing to do
+ looom apps exec -- jq --version
jq-1.8.2
+ looom apps exec -- bc --version
bc 1.08.2
Copyright 1991-1994, 1997, 1998, 2000, 2004, 2006, 2008, 2012-2018, 2024 Free Software Foundation, Inc.
+ looom apps apply
Applications applied; manual applications and previous AppImages retained
+ flatpak info --user org.gnome.Calculator

Calculator - Perform arithmetic, scientific or financial calculations

            ID: org.gnome.Calculator
           Ref: app/org.gnome.Calculator/x86_64/stable
          Arch: x86_64
        Branch: stable
       Version: 51.0
       License: GPL-3.0-or-later
        Origin: flathub
    Collection: org.flathub.Stable
  Installation: user
Installed Size: 5.0 MB
       Runtime: org.gnome.Platform/x86_64/51
           Sdk: org.gnome.Sdk/x86_64/51

        Commit: 0032886e3396c2e0cb107d453d600301c8090241d3fef31ca3f688510dba0e43
        Parent: 3df277bcf400f76fb128b6d57672a64218163a845774fada64974cea63f37b9e
       Subject: Merge pull request #54 from user1-github/patch-1 (d05528e9ce1a)
          Date: 2026-09-18 10:31:20 +0000
+ looom apps exec -- jq --version
jq-1.8.2
+ looom apps launch tool -- --version
appimagetool, continuous build (git version 8c8c91f), build 296 built on 2025-12-04 17:55:56 UTC
+ looom apps apply
warning: tree-2.3.2-1 is up to date -- skipping
warning: xterm-411-1 is up to date -- skipping
 there is nothing to do
Application xterm successfully exported.
OK!
xterm will appear in your applications list in a few seconds.
Applications applied; manual applications and previous AppImages retained
+ looom apps apply
warning: tree-2.3.2-1 is up to date -- skipping
warning: xterm-411-1 is up to date -- skipping
 there is nothing to do
Application xterm successfully exported.
OK!
xterm will appear in your applications list in a few seconds.
looom: AppImage tool: SHA256 mismatch; nothing activated
+ looom apps apply
looom: looom-arch is unmanaged or uses a different image; preserve/export its data before explicitly replacing it
+ flatpak remote-modify --user --url=https://example.org/untrusted/ flathub
+ looom apps apply
looom: existing flathub remote has a different URL
+ flatpak remote-modify --user --url=https://dl.flathub.org/repo/ flathub
+ looom apps run-script /etc/hostname
looom: put the script and its supporting files inside HOME first
PASS: failed downloads/declarations preserve previous activation
+ podman inspect --format {{.Id}} looom-arch
08ea23457b776bff8d23f8a500a1a86cc080382e55cfc99b1e032494749d197b
+ flatpak info --user --show-commit org.gnome.Calculator
0032886e3396c2e0cb107d453d600301c8090241d3fef31ca3f688510dba0e43
{
  "looom/apps.yaml": "806319d1f7dc4ddc47812703725e3255dd259339cc400cb9219305826c9a4dff",
  ".local/share/looom/apps/applied.json": "3be5d4116988ea2bf15cf260323c1e682a09e6d8660f3f5a23fedf73a2307f2e",
  ".local/share/looom/apps/appimages/tool/active.json": "c35a4a5171fd211b712e595a6cac0c1c1e9a34d4efd68492853b0467607f05e4",
  ".local/share/looom/apps/appimages/tool-local/active.json": "94e1ca1df3f4680524def0365a292a67fa4545425a97af0a7ff9abd0d5ee8d6c",
  "looom/acceptance/installer-result.txt": "dfc415d64803954122b35f84d143472179b11a38ca42ebc9230f2dbb3aaa8228",
  ".local/share/applications/looom-tool.desktop": "ad0b0eadd3672d3a6a9889e794c660d6512b6116aa314415e24f071f2fd95007",
  "container_id": "08ea23457b776bff8d23f8a500a1a86cc080382e55cfc99b1e032494749d197b",
  "flatpak_commit": "0032886e3396c2e0cb107d453d600301c8090241d3fef31ca3f688510dba0e43"
}
PASS: stable application IDs, content and user state
