looom: Limine default missing
Traceback (most recent call last):
  File "/var/lib/looom/dev/limine-acceptance/test-limine-boot.py", line 78, in <module>
    inspect(sys.argv[2])
    ~~~~~~~^^^^^^^^^^^^^
  File "/var/lib/looom/dev/limine-acceptance/test-limine-boot.py", line 49, in inspect
    print(run('looom', 'status'))
          ~~~^^^^^^^^^^^^^^^^^^^
  File "/var/lib/looom/dev/limine-acceptance/test-limine-boot.py", line 17, in run
    return subprocess.check_output(args, text=True).strip()
           ~~~~~~~~~~~~~~~~~~~~~~~^^^^^^^^^^^^^^^^^
  File "/usr/lib/python3.14/subprocess.py", line 473, in check_output
    return run(*popenargs, stdout=PIPE, timeout=timeout, check=True,
           ~~~^^^^^^^^^^^^^^^^^^^^^^^^^^^^^^^^^^^^^^^^^^^^^^^^^^^^^^
               **kwargs).stdout
               ^^^^^^^^^
  File "/usr/lib/python3.14/subprocess.py", line 578, in run
    raise CalledProcessError(retcode, process.args,
                             output=stdout, stderr=stderr)
subprocess.CalledProcessError: Command '('looom', 'status')' returned non-zero exit status 1.
