MESA: info: could not get caps: Function not implemented
MESA: error: vdrm_device_connect failed
radv/amdgpu: failed to initialize device.
MESA: info: could not get caps: Function not implemented
MESA: info: could not get caps: Function not implemented
MESA: error: vdrm_device_connect failed
radv/amdgpu: failed to initialize device.
MESA: info: could not get caps: Function not implemented
KMS: DRM_IOCTL_MODE_CREATE_DUMB failed: Permission denied
KMS: DRM_IOCTL_MODE_CREATE_DUMB failed: Permission denied
KMS: DRM_IOCTL_MODE_CREATE_DUMB failed: Permission denied
KMS: DRM_IOCTL_MODE_CREATE_DUMB failed: Permission denied
KMS: DRM_IOCTL_MODE_CREATE_DUMB failed: Permission denied
KMS: DRM_IOCTL_MODE_CREATE_DUMB failed: Permission denied
KMS: DRM_IOCTL_MODE_CREATE_DUMB failed: Permission denied
KMS: DRM_IOCTL_MODE_CREATE_DUMB failed: Permission denied
KMS: DRM_IOCTL_MODE_CREATE_DUMB failed: Permission denied
KMS: DRM_IOCTL_MODE_CREATE_DUMB failed: Permission denied
KMS: DRM_IOCTL_MODE_CREATE_DUMB failed: Permission denied
KMS: DRM_IOCTL_MODE_CREATE_DUMB failed: Permission denied
KMS: DRM_IOCTL_MODE_CREATE_DUMB failed: Permission denied
KMS: DRM_IOCTL_MODE_CREATE_DUMB failed: Permission denied
[{"id":2,"title":"looom Niri Quickshell acceptance","app_id":"org.quickshell","pid":742,"workspace_id":1,"is_focused":true,"is_floating":false,"is_urgent":false,"layout":{"pos_in_scrolling_layout":[1,1],"tile_size":[488.0,700.0],"window_size":[488,700],"tile_pos_in_workspace_view":null,"window_offset_in_tile":[0.0,0.0]},"focus_timestamp":{"secs":47,"nanos":283177204}}]

PASS: native Quickshell window with Kirigami under nested native Niri
KMS: DRM_IOCTL_MODE_CREATE_DUMB failed: Permission denied
KMS: DRM_IOCTL_MODE_CREATE_DUMB failed: Permission denied
KMS: DRM_IOCTL_MODE_CREATE_DUMB failed: Permission denied
KMS: DRM_IOCTL_MODE_CREATE_DUMB failed: Permission denied
KMS: DRM_IOCTL_MODE_CREATE_DUMB failed: Permission denied
KMS: DRM_IOCTL_MODE_CREATE_DUMB failed: Permission denied
