==> WARNING: /run/looom-top/@bootstrap is not a mountpoint. This may have undesirable side effects.
==> Starting build: '7.2.8-arch1-2'
  -> Running build hook: [base]
  -> Running build hook: [systemd]
  -> Running build hook: [microcode]
  -> Running build hook: [modconf]
  -> Running build hook: [kms]
==> WARNING: Possibly missing firmware for module: 'ast'
  -> Running build hook: [keyboard]
==> WARNING: Possibly missing firmware for module: 'xhci_pci_renesas'
  -> Running build hook: [sd-vconsole]
  -> Running build hook: [block]
==> WARNING: Possibly missing firmware for module: 'aic94xx'
==> WARNING: Possibly missing firmware for module: 'bfa'
==> WARNING: Possibly missing firmware for module: 'qed'
==> WARNING: Possibly missing firmware for module: 'qla2xxx'
==> WARNING: Possibly missing firmware for module: 'qla1280'
==> WARNING: Possibly missing firmware for module: 'wd719x'
  -> Running build hook: [filesystems]
  -> Running build hook: [fsck]
==> Generating module dependencies
==> Creating zstd-compressed initcpio image
  -> Early uncompressed CPIO image generation successful
==> Initcpio image generation successful
==> Creating unified kernel image: '/boot/looom-bootstrap-refresh.efi'
  -> Using ukify to build UKI
Using config file: /usr/lib/kernel/uki.conf
Wrote unsigned /boot/looom-bootstrap-refresh.efi
==> Unified kernel image generation successful
PASS: refreshed emergency UKI and trusted digest; original artifacts retained in private journal
