  % Total    % Received % Xferd  Average Speed  Time    Time    Time   Current
                                 Dload  Upload  Total   Spent   Left   Speed
  0      0   0      0   0      0      0      0                              0  0 126.6k   0      0   0      0      0      0                              0  0 126.6k   0      0   0      0      0      0                              0  0 126.6k   0      0   0      0      0      0                              0
HTTP/2 200 
server: nginx
date: Wed, 07 Oct 2026 19:51:17 GMT
content-type: application/octet-stream
content-length: 129659
last-modified: Fri, 02 Oct 2026 20:14:14 GMT
etag: "6ac01096-1fa7b"
strict-transport-security: max-age=31536000; includeSubdomains; preload
accept-ranges: bytes

AUTHORIZED TARGET VERIFIED: internal NVMe; USB excluded
GPT data structures destroyed! You may now partition the disk using fdisk or
other utilities.
Creating new GPT entries in memory.
The operation has completed successfully.
mkfs.fat 4.2 (2021-01-31)
btrfs-progs v7.1
See https://btrfs.readthedocs.io for more information.

Performing full device TRIM /dev/nvme0n1p2 (474.94GiB) ...
NOTE: default settings have changed in version 6.19 (supported since linux 6.1):
      - enable block-group-tree (-O bgt)

Label:              LOOOM_ROOT
UUID:               621b75c1-d056-480d-b006-66bd215a753c
Node size:          16384
Sector size:        4096	(CPU page size: 4096)
Filesystem size:    474.94GiB
Block group profiles:
  Data:             single            8.00MiB
  Metadata:         DUP               1.00GiB
  System:           DUP               8.00MiB
SSD detected:       yes
Zoned device:       no
Features:           extref, skinny-metadata, no-holes, free-space-tree, block-group-tree
Checksum:           crc32c
Number of devices:  1
Devices:
   ID        SIZE  PATH          
    1   474.94GiB  /dev/nvme0n1p2

Create subvolume '/mnt/looom-top/@bootstrap'
Create subvolume '/mnt/looom-top/@home'
Create subvolume '/mnt/looom-top/@var'
Create subvolume '/mnt/looom-top/@state'
==> Creating install root at /mnt
gpg: /mnt//etc/pacman.d/gnupg/trustdb.gpg: trustdb created
gpg: no ultimately trusted keys found
gpg: starting migration from earlier GnuPG versions
gpg: porting secret keys from '/mnt//etc/pacman.d/gnupg/secring.gpg' to gpg-agent
gpg: migration succeeded
==> Generating pacman master key. This may take some time.
gpg: Generating pacman keyring master key...
gpg: directory '/mnt//etc/pacman.d/gnupg/openpgp-revocs.d' created
gpg: revocation certificate stored as '/mnt//etc/pacman.d/gnupg/openpgp-revocs.d/74CD2D966C2B84F050F5F7BBC6E4CA15E33FCD02.rev'
gpg: Done
==> Updating trust database...
gpg: marginals needed: 3  completes needed: 1  trust model: pgp
gpg: depth: 0  valid:   1  signed:   0  trust: 0-, 0q, 0n, 0m, 0f, 1u
==> Installing packages to /mnt
:: Synchronizing package databases...
 core downloading...
 extra downloading...
resolving dependencies...
:: There are 2 providers available for libxtables.so=12-64:
:: Repository core
   1) iptables  2) iptables-legacy

Enter a number (default=1): 
looking for conflicting packages...

Packages (236) acl-2.4.0-1  archlinux-keyring-20260909-1  attr-2.6.0-1  audit-4.2.1-1  autoconf-2.73-1  automake-1.19-1  bash-5.3.20-1  binutils-2.47-4  bison-3.8.2-8  boost-libs-1.92.0-1  brotli-1.2.0-1  bzip2-1.0.8-6  ca-certificates-20240618-1  ca-certificates-mozilla-3.130-1  ca-certificates-utils-20240618-1  compiler-rt-23.1.1-1  coreutils-9.12-2  cpio-2.15-3  cryptsetup-2.8.8-1  db5.3-5.3.28-7  dbus-1.16.2-1  dbus-broker-37-3  dbus-broker-units-37-3  dbus-units-37-3  debugedit-5.3-2  device-mapper-2.03.42-1  diffutils-3.12-2  duktape-2.7.0-7  e2fsprogs-1.47.4-1  efivar-39-2  elfutils-0.196-1  expat-2.8.5-1  fakeroot-1:1.37.2-3  file-5.48-1  filesystem-2025.10.12-1  findutils-4.11.0-1  flex-2.6.4-6  gawk-5.4.1-1  gc-8.2.12-1  gcc-16.2.1+r23+gd564253eb6c8-1  gcc-libs-16.2.1+r23+gd564253eb6c8-1  gdb-18.1-1  gdb-common-18.1-1  gdbm-1.26-2  gettext-1.0-2  glib2-2.88.3-1  glibc-2.44+r50+g1848099f063e-1  gmp-6.3.0-3  gnulib-l10n-20241231-1  gnupg-2.4.9-3  gnutls-3.8.13-3  gpgme-2.2.0-1  gpm-1.20.7.r38.ge82d1a6-7  grep-3.12-2  groff-1.24.1-1  guile-3.0.11-1  gzip-1.15-1  hwdata-0.411-1  iana-etc-20260617-1  icu-78.3-1  iproute2-7.2.0-1  iptables-1:1.8.13-1  iputils-20250605-1  jansson-2.15.1-1  json-c-0.19-1  kbd-2.10.0-1  keyutils-1.6.3-4  kmod-34.2-1  krb5-1.22.2-1  leancrypto-1.9.1-1  libarchive-3.8.9-1  libasan-16.2.1+r23+gd564253eb6c8-1  libassuan-3.0.0-1  libatomic-16.2.1+r23+gd564253eb6c8-1  libbpf-1.7.0-1  libcap-2.78-1  libcap-ng-0.9.6-1  libdaemon-0.14-6  libedit-20260512_3.1-1  libelf-0.196-1  libevent-2.1.13-2  libffi-3.8.0-1  libgcc-16.2.1+r23+gd564253eb6c8-1  libgcrypt-1.12.4-1  libgfortran-16.2.1+r23+gd564253eb6c8-1  libgit2-1:1.9.7-1  libgomp-16.2.1+r23+gd564253eb6c8-1  libgpg-error-1.61-1  libhwasan-16.2.1+r23+gd564253eb6c8-1  libidn2-2.3.8-1  libisl-0.28-1  libksba-1.8.1-1  libldap-2.7.1-1  liblsan-16.2.1+r23+gd564253eb6c8-1  libmakepkg-dropins-20-2  libmm-glib-1.24.2-1  libmnl-1.0.5-2  libmpc-1.4.1-1  libndp-1.9-1  libnetfilter_conntrack-1.1.1-1  libnewt-0.52.25-2  libnfnetlink-1.0.2-2  libnftnl-1.3.2-1  libnghttp2-1.70.0-1  libnghttp3-1.18.0-1  libngtcp2-1.25.0-1  libnl-3.12.0-1  libnm-1.58.1-2  libnsl-2.0.1-2  libobjc-16.2.1+r23+gd564253eb6c8-1  libp11-kit-0.26.5-1  libpcap-1.11.0-1  libpgm-5.3.128-4  libpsl-0.21.5-2  libquadmath-16.2.1+r23+gd564253eb6c8-1  libsasl-2.1.28-5  libseccomp-2.6.0-1  libsecret-0.21.8.2-1  libsodium-1.0.22-1  libssh2-1.11.1-7  libstdc++-16.2.1+r23+gd564253eb6c8-1  libsysprof-capture-50.0-6  libtasn1-4.21.0-1  libteam-1.32-3  libtirpc-1.3.8-1  libtool-2.6.2-5  libtsan-16.2.1+r23+gd564253eb6c8-1  libubsan-16.2.1+r23+gd564253eb6c8-1  libunistring-1.4.2-1  libusb-1.0.30-1  libverto-0.3.2-6  libxcrypt-4.5.2-1  libxml2-2.15.4-1  licenses-20240728-1  linux-api-headers-7.2-1  linux-firmware-amd-20260916-1  linux-firmware-amdgpu-20260916-1  linux-firmware-atheros-20260916-1  linux-firmware-broadcom-20260916-1  linux-firmware-cirrus-20260916-1  linux-firmware-intel-20260916-1  linux-firmware-mediatek-20260916-1  linux-firmware-nvidia-20260916-1  linux-firmware-other-20260916-1  linux-firmware-radeon-20260916-1  linux-firmware-realtek-20260916-1  linux-firmware-ti-20260916-1  linux-firmware-whence-20260916-1  lld-23.1.1-1  llhttp-9.3.1-1  llvm-libs-23.1.1-1  lmdb-0.9.35-1  lz4-1:1.10.0-2  lzo-2.10-5  m4-1.4.21-2  make-4.4.1-3  mkinitcpio-busybox-1.36.1-1  mobile-broadband-provider-info-20251101-1  mpdecimal-4.0.1-3  mpfr-4.2.2-1  ncurses-6.6-2  nettle-4.0-1  nftables-1:1.1.7-3  npth-1.8-1  nspr-4.40-1  nss-3.130-1  openssl-3.6.5-1  p11-kit-0.26.5-1  pacman-7.1.0.r9.g54d9411-2  pacman-mirrorlist-20260610-1  pam-1.7.3-1  pambase-20260616-1  patch-2.8-1  pcre-8.45-5  pcre2-10.49-1  pcsclite-2.5.2-1  perl-5.42.2-2  perl-error-0.17030-3  perl-mailtools-2.22-3  perl-timedate-2.35-1  pinentry-1.3.3-1  pkgconf-3.0.7-1  polkit-127-3  popt-1.19-2  procps-ng-4.0.7-1  psmisc-23.7-2  python-3.14.7-1  python-cffi-2.1.1-1  python-cryptography-50.0.2-1  python-pefile-2024.8.26-2  python-pycparser-3.00-1  readline-8.3.6-1  sed-4.10-2  shadow-4.20.0.arch1-1  slang-2.3.3-4  source-highlight-3.1.9-19  sqlite-3.53.4-1  systemd-262-1  systemd-libs-262-1  systemd-sysvcompat-262-1  tar-1.35-5  texinfo-7.3-1  tpm2-tss-4.2.0-2  tzdata-2026e-1  util-linux-2.42.4-1  util-linux-libs-2.42.4-1  vim-runtime-9.2.1046-1  which-2.25-1  wpa_supplicant-2:2.12-1  xxhash-0.8.4-1  xz-5.8.4-1  zeromq-4.3.5-3  zlib-1:1.3.2-3  zlib-ng-2.3.3-1  zstd-1.5.7-3  arch-install-scripts-31-2  base-3-3  base-devel-1-2  btrfs-progs-7.1-1  curl-8.22.0-1  dosfstools-4.2-5  efibootmgr-18-4  git-2.56.0-1  gptfdisk-1.0.10-2  grub-2:2.16-1  intel-ucode-20260925-1  linux-7.2.8.arch1-2  linux-firmware-20260916-1  mkinitcpio-42.2-1  networkmanager-1.58.1-2  openssh-10.5p1-1  pciutils-3.15.0-1  rust-1:1.99.0-1  sudo-1.9.17.p2-6  systemd-ukify-262-1  vim-9.2.1046-1

Total Download Size:    999.72 MiB
Total Installed Size:  2440.67 MiB

:: Proceed with installation? [Y/n] 
:: Retrieving packages...
 linux-7.2.8.arch1-2-x86_64 downloading...
 linux-firmware-intel-20260916-1-any downloading...
 linux-firmware-nvidia-20260916-1-any downloading...
 rust-1:1.99.0-1-x86_64 downloading...
 gcc-16.2.1+r23+gd564253eb6c8-1-x86_64 downloading...

Interrupt signal received
[?25h
==> ERROR: Failed to install packages to new root
  % Total    % Received % Xferd  Average Speed  Time    Time    Time   Current
                                 Dload  Upload  Total   Spent   Left   Speed
  0      0   0      0   0      0      0      0                              0  0 126.6k   0      0   0      0      0      0                              0  0 126.6k   0      0   0      0      0      0                              0  0 126.6k   0      0   0      0      0      0                              0
HTTP/2 200 
server: nginx
date: Wed, 07 Oct 2026 19:58:09 GMT
content-type: application/octet-stream
content-length: 129659
last-modified: Fri, 02 Oct 2026 20:14:14 GMT
etag: "6ac01096-1fa7b"
strict-transport-security: max-age=31536000; includeSubdomains; preload
accept-ranges: bytes

RESUMING PACKAGE STAGE ONLY; no repartitioning
==> Creating install root at /mnt
==> Installing packages to /mnt
:: Synchronizing package databases...
 core downloading...
 extra downloading...
resolving dependencies...
:: There are 2 providers available for libxtables.so=12-64:
:: Repository core
   1) iptables  2) iptables-legacy

Enter a number (default=1): 
looking for conflicting packages...

Packages (236) acl-2.4.0-1  archlinux-keyring-20260909-1  attr-2.6.0-1  audit-4.2.1-1  autoconf-2.73-1  automake-1.19-1  bash-5.3.20-1  binutils-2.47-4  bison-3.8.2-8  boost-libs-1.92.0-1  brotli-1.2.0-1  bzip2-1.0.8-6  ca-certificates-20240618-1  ca-certificates-mozilla-3.130-1  ca-certificates-utils-20240618-1  compiler-rt-23.1.1-1  coreutils-9.12-2  cpio-2.15-3  cryptsetup-2.8.8-1  db5.3-5.3.28-7  dbus-1.16.2-1  dbus-broker-37-3  dbus-broker-units-37-3  dbus-units-37-3  debugedit-5.3-2  device-mapper-2.03.42-1  diffutils-3.12-2  duktape-2.7.0-7  e2fsprogs-1.47.4-1  efivar-39-2  elfutils-0.196-1  expat-2.8.5-1  fakeroot-1:1.37.2-3  file-5.48-1  filesystem-2025.10.12-1  findutils-4.11.0-1  flex-2.6.4-6  gawk-5.4.1-1  gc-8.2.12-1  gcc-16.2.1+r23+gd564253eb6c8-1  gcc-libs-16.2.1+r23+gd564253eb6c8-1  gdb-18.1-1  gdb-common-18.1-1  gdbm-1.26-2  gettext-1.0-2  glib2-2.88.3-1  glibc-2.44+r50+g1848099f063e-1  gmp-6.3.0-3  gnulib-l10n-20241231-1  gnupg-2.4.9-3  gnutls-3.8.13-3  gpgme-2.2.0-1  gpm-1.20.7.r38.ge82d1a6-7  grep-3.12-2  groff-1.24.1-1  guile-3.0.11-1  gzip-1.15-1  hwdata-0.411-1  iana-etc-20260617-1  icu-78.3-1  iproute2-7.2.0-1  iptables-1:1.8.13-1  iputils-20250605-1  jansson-2.15.1-1  json-c-0.19-1  kbd-2.10.0-1  keyutils-1.6.3-4  kmod-34.2-1  krb5-1.22.2-1  leancrypto-1.9.1-1  libarchive-3.8.9-1  libasan-16.2.1+r23+gd564253eb6c8-1  libassuan-3.0.0-1  libatomic-16.2.1+r23+gd564253eb6c8-1  libbpf-1.7.0-1  libcap-2.78-1  libcap-ng-0.9.6-1  libdaemon-0.14-6  libedit-20260512_3.1-1  libelf-0.196-1  libevent-2.1.13-2  libffi-3.8.0-1  libgcc-16.2.1+r23+gd564253eb6c8-1  libgcrypt-1.12.4-1  libgfortran-16.2.1+r23+gd564253eb6c8-1  libgit2-1:1.9.7-1  libgomp-16.2.1+r23+gd564253eb6c8-1  libgpg-error-1.61-1  libhwasan-16.2.1+r23+gd564253eb6c8-1  libidn2-2.3.8-1  libisl-0.28-1  libksba-1.8.1-1  libldap-2.7.1-1  liblsan-16.2.1+r23+gd564253eb6c8-1  libmakepkg-dropins-20-2  libmm-glib-1.24.2-1  libmnl-1.0.5-2  libmpc-1.4.1-1  libndp-1.9-1  libnetfilter_conntrack-1.1.1-1  libnewt-0.52.25-2  libnfnetlink-1.0.2-2  libnftnl-1.3.2-1  libnghttp2-1.70.0-1  libnghttp3-1.18.0-1  libngtcp2-1.25.0-1  libnl-3.12.0-1  libnm-1.58.1-2  libnsl-2.0.1-2  libobjc-16.2.1+r23+gd564253eb6c8-1  libp11-kit-0.26.5-1  libpcap-1.11.0-1  libpgm-5.3.128-4  libpsl-0.21.5-2  libquadmath-16.2.1+r23+gd564253eb6c8-1  libsasl-2.1.28-5  libseccomp-2.6.0-1  libsecret-0.21.8.2-1  libsodium-1.0.22-1  libssh2-1.11.1-7  libstdc++-16.2.1+r23+gd564253eb6c8-1  libsysprof-capture-50.0-6  libtasn1-4.21.0-1  libteam-1.32-3  libtirpc-1.3.8-1  libtool-2.6.2-5  libtsan-16.2.1+r23+gd564253eb6c8-1  libubsan-16.2.1+r23+gd564253eb6c8-1  libunistring-1.4.2-1  libusb-1.0.30-1  libverto-0.3.2-6  libxcrypt-4.5.2-1  libxml2-2.15.4-1  licenses-20240728-1  linux-api-headers-7.2-1  linux-firmware-amd-20260916-1  linux-firmware-amdgpu-20260916-1  linux-firmware-atheros-20260916-1  linux-firmware-broadcom-20260916-1  linux-firmware-cirrus-20260916-1  linux-firmware-intel-20260916-1  linux-firmware-mediatek-20260916-1  linux-firmware-nvidia-20260916-1  linux-firmware-other-20260916-1  linux-firmware-radeon-20260916-1  linux-firmware-realtek-20260916-1  linux-firmware-ti-20260916-1  linux-firmware-whence-20260916-1  lld-23.1.1-1  llhttp-9.3.1-1  llvm-libs-23.1.1-1  lmdb-0.9.35-1  lz4-1:1.10.0-2  lzo-2.10-5  m4-1.4.21-2  make-4.4.1-3  mkinitcpio-busybox-1.36.1-1  mobile-broadband-provider-info-20251101-1  mpdecimal-4.0.1-3  mpfr-4.2.2-1  ncurses-6.6-2  nettle-4.0-1  nftables-1:1.1.7-3  npth-1.8-1  nspr-4.40-1  nss-3.130-1  openssl-3.6.5-1  p11-kit-0.26.5-1  pacman-7.1.0.r9.g54d9411-2  pacman-mirrorlist-20260610-1  pam-1.7.3-1  pambase-20260616-1  patch-2.8-1  pcre-8.45-5  pcre2-10.49-1  pcsclite-2.5.2-1  perl-5.42.2-2  perl-error-0.17030-3  perl-mailtools-2.22-3  perl-timedate-2.35-1  pinentry-1.3.3-1  pkgconf-3.0.7-1  polkit-127-3  popt-1.19-2  procps-ng-4.0.7-1  psmisc-23.7-2  python-3.14.7-1  python-cffi-2.1.1-1  python-cryptography-50.0.2-1  python-pefile-2024.8.26-2  python-pycparser-3.00-1  readline-8.3.6-1  sed-4.10-2  shadow-4.20.0.arch1-1  slang-2.3.3-4  source-highlight-3.1.9-19  sqlite-3.53.4-1  systemd-262-1  systemd-libs-262-1  systemd-sysvcompat-262-1  tar-1.35-5  texinfo-7.3-1  tpm2-tss-4.2.0-2  tzdata-2026e-1  util-linux-2.42.4-1  util-linux-libs-2.42.4-1  vim-runtime-9.2.1046-1  which-2.25-1  wpa_supplicant-2:2.12-1  xxhash-0.8.4-1  xz-5.8.4-1  zeromq-4.3.5-3  zlib-1:1.3.2-3  zlib-ng-2.3.3-1  zstd-1.5.7-3  arch-install-scripts-31-2  base-3-3  base-devel-1-2  btrfs-progs-7.1-1  curl-8.22.0-1  dosfstools-4.2-5  efibootmgr-18-4  git-2.56.0-1  gptfdisk-1.0.10-2  grub-2:2.16-1  intel-ucode-20260925-1  linux-7.2.8.arch1-2  linux-firmware-20260916-1  mkinitcpio-42.2-1  networkmanager-1.58.1-2  openssh-10.5p1-1  pciutils-3.15.0-1  rust-1:1.99.0-1  sudo-1.9.17.p2-6  systemd-ukify-262-1  vim-9.2.1046-1

Total Download Size:     44.74 MiB
Total Installed Size:  2440.67 MiB

:: Proceed with installation? [Y/n] 
:: Retrieving packages...
 intel-ucode-20260925-1-any downloading...
 guile-3.0.11-1-x86_64 downloading...
 gdb-18.1-1-x86_64 downloading...
 boost-libs-1.92.0-1-x86_64 downloading...
 groff-1.24.1-1-x86_64 downloading...
 texinfo-7.3-1-x86_64 downloading...
 bison-3.8.2-8-x86_64 downloading...
 source-highlight-3.1.9-19-x86_64 downloading...
 elfutils-0.196-1-x86_64 downloading...
 autoconf-2.73-1-any downloading...
 automake-1.19-1-any downloading...
 make-4.4.1-3-x86_64 downloading...
 flex-2.6.4-6-x86_64 downloading...
 m4-1.4.21-2-x86_64 downloading...
 gc-8.2.12-1-x86_64 downloading...
 cpio-2.15-3-x86_64 downloading...
 gdb-common-18.1-1-x86_64 downloading...
 patch-2.8-1-x86_64 downloading...
 fakeroot-1:1.37.2-3-x86_64 downloading...
 debugedit-5.3-2-x86_64 downloading...
 which-2.25-1-x86_64 downloading...
 base-devel-1-2-any downloading...
checking keyring...
checking package integrity...
loading package files...
checking for file conflicts...
checking available disk space...
:: Processing package changes...
installing iana-etc...
installing filesystem...
installing linux-api-headers...
installing tzdata...
Optional dependencies for tzdata
    bash: for tzselect [pending]
    glibc: for zdump, zic [pending]
installing glibc...
Optional dependencies for glibc
    gd: for memusagestat
    perl: for mtrace [pending]
installing libgcc...
installing libstdc++...
installing libasan...
installing libatomic...
installing libgfortran...
installing libgomp...
installing libhwasan...
installing liblsan...
installing libobjc...
installing libquadmath...
installing libtsan...
installing libubsan...
installing gcc-libs...
installing ncurses...
Optional dependencies for ncurses
    bash: for ncursesw6-config [pending]
installing readline...
installing bash...
Optional dependencies for bash
    bash-completion: for tab completion
installing acl...
installing attr...
installing gmp...
installing zlib...
installing sqlite...
installing util-linux-libs...
Optional dependencies for util-linux-libs
    python: python bindings to libmount [pending]
installing e2fsprogs...
Optional dependencies for e2fsprogs
    lvm2: for e2scrub
    util-linux: for e2scrub [pending]
    smtp-forwarder: for e2scrub_fail script
installing keyutils...
installing gdbm...
installing brotli...
installing xz...
installing lz4...
installing zstd...
installing openssl...
Optional dependencies for openssl
    ca-certificates [pending]
    perl [pending]
installing libsasl...
installing libldap...
installing libevent...
Optional dependencies for libevent
    python: event_rpcgen.py [pending]
installing libverto...
installing lmdb...
installing krb5...
installing libcap-ng...
installing audit...
Optional dependencies for audit
    audispd-plugins: for audit event dispatcher plugins
    audispd-plugins-zos: for z/OS audit event dispatcher plugin
installing libxcrypt...
installing libtirpc...
installing libnsl...
installing pambase...
installing libgpg-error...
installing libgcrypt...
installing systemd-libs...
installing pam...
installing libcap...
installing coreutils...
installing bzip2...
installing libseccomp...
installing file...
installing findutils...
installing mpfr...
installing gawk...
installing pcre2...
Optional dependencies for pcre2
    sh: for pcre2-config [installed]
installing grep...
installing procps-ng...
installing sed...
installing tar...
installing libtasn1...
installing libffi...
installing libp11-kit...
installing p11-kit...
installing ca-certificates-utils...
installing ca-certificates-mozilla...
installing ca-certificates...
installing libunistring...
installing libidn2...
installing libnghttp2...
installing libnghttp3...
installing nettle...
installing leancrypto...
installing gnutls...
Optional dependencies for gnutls
    tpm2-tss: support for TPM2 wrapped keys [pending]
installing libngtcp2...
installing libpsl...
installing libssh2...
installing curl...
installing json-c...
installing gnulib-l10n...
installing icu...
installing libxml2...
Optional dependencies for libxml2
    python: Python bindings [pending]
installing gettext...
Optional dependencies for gettext
    git: for autopoint infrastructure updates [pending]
    appstream: for appstream support
installing hwdata...
installing kmod...
installing pciutils...
Optional dependencies for pciutils
    which: for update-pciids [pending]
    grep: for update-pciids [installed]
    curl: for update-pciids [installed]
installing psmisc...
installing shadow...
installing util-linux...
Optional dependencies for util-linux
    words: default dictionary for look
installing gzip...
Optional dependencies for gzip
    diffutils: zdiff/zcmp support [pending]
    grep: zegrep/zfgrep/zforce/zgrep support [installed]
    less: zless support
    util-linux: zmore support [installed]
installing licenses...
installing libksba...
installing libusb...
installing libassuan...
installing libsysprof-capture...
installing glib2...
Optional dependencies for glib2
    dconf: GSettings storage backend
    glib2-devel: development tools
    gvfs: most gio functionality
installing tpm2-tss...
installing libsecret...
Optional dependencies for libsecret
    org.freedesktop.secrets: secret storage backend
installing pinentry...
Optional dependencies for pinentry
    gcr: GNOME backend
    gtk3: GTK backend
    kguiaddons: Qt6 backend
    kwindowsystem: Qt6 backend
installing npth...
installing gnupg...
Optional dependencies for gnupg
    pcsclite: for using scdaemon not with the gnupg internal card driver [pending]
installing gpgme...
installing libarchive...
installing pacman-mirrorlist...
installing device-mapper...
installing popt...
installing cryptsetup...
installing expat...
installing dbus...
installing dbus-broker...
installing dbus-broker-units...
installing dbus-units...
installing kbd...
installing libelf...
installing systemd...
Initializing machine ID from random generator.
Creating group 'sys' with GID 3.
Creating group 'mem' with GID 8.
Creating group 'ftp' with GID 11.
Creating group 'mail' with GID 12.
Creating group 'log' with GID 19.
Creating group 'smmsp' with GID 25.
Creating group 'proc' with GID 26.
Creating group 'games' with GID 50.
Creating group 'lock' with GID 54.
Creating group 'network' with GID 90.
Creating group 'floppy' with GID 94.
Creating group 'scanner' with GID 96.
Creating group 'power' with GID 98.
Creating group 'nobody' with GID 65534.
Creating group 'adm' with GID 999.
Creating group 'wheel' with GID 998.
Creating group 'empower' with GID 997.
Creating group 'utmp' with GID 996.
Creating group 'audio' with GID 995.
Creating group 'clock' with GID 994.
Creating group 'disk' with GID 993.
Creating group 'input' with GID 992.
Creating group 'kmem' with GID 991.
Creating group 'kvm' with GID 990.
Creating group 'lp' with GID 989.
Creating group 'optical' with GID 988.
Creating group 'render' with GID 987.
Creating group 'sgx' with GID 986.
Creating group 'storage' with GID 985.
Creating group 'tty' with GID 5.
Creating group 'uucp' with GID 984.
Creating group 'video' with GID 983.
Creating group 'users' with GID 982.
Creating group 'systemd-journal' with GID 981.
Creating group 'rfkill' with GID 980.
Creating group 'bin' with GID 1.
Creating user 'bin' (n/a) with UID 1 and GID 1.
Creating group 'daemon' with GID 2.
Creating user 'daemon' (n/a) with UID 2 and GID 2.
Creating user 'mail' (n/a) with UID 8 and GID 12.
Creating user 'ftp' (n/a) with UID 14 and GID 11.
Creating group 'http' with GID 33.
Creating user 'http' (n/a) with UID 33 and GID 33.
Creating user 'nobody' (Kernel Overflow User) with UID 65534 and GID 65534.
Creating group 'dbus' with GID 81.
Creating user 'dbus' (System Message Bus) with UID 81 and GID 81.
Creating group 'systemd-coredump' with GID 979.
Creating user 'systemd-coredump' (systemd Core Dumper) with UID 979 and GID 979.
Creating group 'systemd-imds' with GID 978.
Creating user 'systemd-imds' (systemd Instance Metadata) with UID 978 and GID 978.
Creating group 'systemd-network' with GID 977.
Creating user 'systemd-network' (systemd Network Management) with UID 977 and GID 977.
Creating group 'systemd-oom' with GID 976.
Creating user 'systemd-oom' (systemd Userspace OOM Killer) with UID 976 and GID 976.
Creating group 'systemd-journal-remote' with GID 975.
Creating user 'systemd-journal-remote' (systemd Journal Remote) with UID 975 and GID 975.
Creating group 'systemd-resolve' with GID 974.
Creating user 'systemd-resolve' (systemd Resolver) with UID 974 and GID 974.
Creating group 'systemd-timesync' with GID 973.
Creating user 'systemd-timesync' (systemd Time Synchronization) with UID 973 and GID 973.
Creating group 'tss' with GID 972.
Creating user 'tss' (tss user for tpm2) with UID 972 and GID 972.
Creating group 'uuidd' with GID 971.
Creating user 'uuidd' (UUID generator helper daemon) with UID 971 and GID 971.
Created symlink '/etc/systemd/system/autovt@.service' → '/usr/lib/systemd/system/getty@.service'.
Created symlink '/etc/systemd/system/getty.target.wants/getty@tty1.service' → '/usr/lib/systemd/system/getty@.service'.
Created symlink '/etc/systemd/system/multi-user.target.wants/remote-fs.target' → '/usr/lib/systemd/system/remote-fs.target'.
Created symlink '/etc/systemd/system/sockets.target.wants/systemd-userdbd.socket' → '/usr/lib/systemd/system/systemd-userdbd.socket'.
Optional dependencies for systemd
    apparmor: additional security features
    curl: systemd-journal-upload, machinectl pull-tar and pull-raw [installed]
    gnutls: systemd-journal-gatewayd and systemd-journal-remote [installed]
    iptables: firewall features [pending]
    libarchive: convert DDIs to tarballs [installed]
    libbpf: support BPF programs [pending]
    libfido2: unlocking LUKS2 volumes with FIDO2 token
    libmicrohttpd: systemd-journal-gatewayd and systemd-journal-remote
    libp11-kit: support PKCS#11 [installed]
    libpwquality: check password quality
    polkit: allow administration as unprivileged user [pending]
    qemu-base: systemd-vmspawn
    qrencode: show QR codes
    quota-tools: kernel-level quota management
    systemd-sysvcompat: symlink package to provide sysvinit binaries [pending]
    systemd-ukify: combine kernel and initrd into a signed Unified Kernel Image [pending]
    tpm2-tss: unlocking LUKS2 volumes with TPM2 [installed]
installing jansson...
installing binutils...
Optional dependencies for binutils
    debuginfod: for debuginfod server/client functionality
    perl: for gprofng-display-html [pending]
installing libmakepkg-dropins...
installing pacman...
Optional dependencies for pacman
    base-devel: required to use makepkg [pending]
    perl-locale-gettext: translation support in makepkg-template
installing archlinux-keyring...
==> Appending keys from archlinux.gpg...
==> Locally signing trusted keys in keyring...
  -> Locally signed 5 keys.
==> Importing owner trust values...
gpg: setting ownertrust to 4
gpg: setting ownertrust to 4
gpg: setting ownertrust to 4
gpg: inserting ownertrust of 4
gpg: setting ownertrust to 4
==> Disabling revoked keys in keyring...
  -> Disabled 38 keys.
==> Updating trust database...
gpg: Note: third-party key signatures using the SHA1 algorithm are rejected
gpg: (use option "--allow-weak-key-signatures" to override)
gpg: marginals needed: 3  completes needed: 1  trust model: pgp
gpg: depth: 0  valid:   1  signed:   5  trust: 0-, 0q, 0n, 0m, 0f, 1u
gpg: depth: 1  valid:   5  signed:  89  trust: 0-, 0q, 0n, 5m, 0f, 0u
gpg: depth: 2  valid:  78  signed:  18  trust: 78-, 0q, 0n, 0m, 0f, 0u
gpg: next trustdb check due at 2026-10-26
installing systemd-sysvcompat...
installing iputils...
installing libmnl...
installing libnfnetlink...
installing libnetfilter_conntrack...
installing libnftnl...
installing libnl...
installing libpcap...
installing nftables...
Optional dependencies for nftables
    python: Python bindings [pending]
    python-jsonschema: Python bindings
installing iptables...
installing libbpf...
installing iproute2...
Optional dependencies for iproute2
    db: userspace arp daemon
    linux-atm: ATM support
    python: for routel [pending]
installing base...
Optional dependencies for base
    linux: bare metal support [pending]
installing mkinitcpio-busybox...
installing diffutils...
installing mkinitcpio...
Optional dependencies for mkinitcpio
    xz: Use lzma or xz compression for the initramfs image [installed]
    bzip2: Use bzip2 compression for the initramfs image [installed]
    lzop: Use lzo compression for the initramfs image
    lz4: Use lz4 compression for the initramfs image [installed]
    mkinitcpio-nfs-utils: Support for root filesystem on NFS
    systemd-ukify: alternative UKI generator [pending]
installing linux...
Optional dependencies for linux
    linux-headers: headers and scripts for building modules
    linux-firmware: firmware images needed for some devices [pending]
    scx-scheds: to use sched-ext schedulers
    wireless-regdb: to set the correct wireless channels of your country
installing linux-firmware-whence...
installing linux-firmware-amd...
installing linux-firmware-amdgpu...
installing linux-firmware-atheros...
installing linux-firmware-broadcom...
installing linux-firmware-cirrus...
installing linux-firmware-intel...
installing linux-firmware-mediatek...
installing linux-firmware-nvidia...
installing linux-firmware-other...
installing linux-firmware-radeon...
installing linux-firmware-realtek...
installing linux-firmware-ti...
installing linux-firmware...
Optional dependencies for linux-firmware
    linux-firmware-liquidio: Firmware for Cavium LiquidIO server adapters
    linux-firmware-marvell: Firmware for Marvell devices
    linux-firmware-mellanox: Firmware for Mellanox Spectrum switches
    linux-firmware-nfp: Firmware for Netronome Flow Processors
    linux-firmware-qcom: Firmware for Qualcomm SoCs
    linux-firmware-qlogic: Firmware for QLogic devices
installing intel-ucode...
installing lzo...
installing btrfs-progs...
Optional dependencies for btrfs-progs
    python: libbtrfsutil python bindings [pending]
    e2fsprogs: btrfs-convert [installed]
installing dosfstools...
installing gptfdisk...
installing grub...
:: Install your bootloader and generate configuration with:
     # grub-install ...
     # grub-mkconfig -o /boot/grub/grub.cfg
Optional dependencies for grub
    dosfstools: For grub-mkrescue FAT FS and EFI support [installed]
    efibootmgr: For grub-install EFI support [pending]
    freetype2: For grub-mkfont usage
    fuse3: For grub-mount usage
    libisoburn: Provides xorriso for generating grub rescue iso using grub-mkrescue
    libusb: For grub-emu USB support [installed]
    lzop: For grub-mkrescue LZO support
    mtools: For grub-mkrescue FAT FS support
    os-prober: To detect other OSes when generating grub.cfg in BIOS systems
    sdl: For grub-emu SDL support
installing efivar...
installing efibootmgr...
installing mpdecimal...
installing python...
Optional dependencies for python
    python-setuptools: for building Python packages using tooling that is usually bundled with Python
    python-pip: for installing Python packages using tooling that is usually bundled with Python
    python-pipx: for installing Python software not packaged on Arch Linux
    sqlite: for a default database integration [installed]
    xz: for lzma [installed]
    tk: for tkinter
installing python-pycparser...
installing python-cffi...
Optional dependencies for python-cffi
    python-setuptools: "limited api" version checking in cffi.setuptools_ext
installing python-cryptography...
installing python-pefile...
installing systemd-ukify...
Optional dependencies for systemd-ukify
    python-pillow: Show the size of splash image
    sbsigntools: Sign the embedded kernel
installing arch-install-scripts...
installing libedit...
installing openssh...
Optional dependencies for openssh
    libfido2: FIDO/U2F support
    sh: for ssh-copy-id and findssl.sh [installed]
    x11-ssh-askpass: input passphrase in X
    xorg-xauth: X11 forwarding
installing sudo...
installing libmm-glib...
installing libndp...
installing gpm...
installing pcre...
installing slang...
installing libnewt...
Optional dependencies for libnewt
    python: libnewt support with the _snack module [installed]
    tcl: whiptcl support
installing nspr...
installing nss...
installing libnm...
installing libdaemon...
installing libsodium...
installing libpgm...
installing zeromq...
Optional dependencies for zeromq
    cppzmq: C++ binding for libzmq
installing libteam...
installing mobile-broadband-provider-info...
installing duktape...
installing polkit...
installing pcsclite...
Optional dependencies for pcsclite
    python: API call trace logging with the pcsc-spy [installed]
    ccid: USB Chip/Smart Card Interface Devices driver
installing wpa_supplicant...
installing networkmanager...
Optional dependencies for networkmanager
    bluez: Bluetooth support
    dhcpcd: alternative DHCP client
    dnsmasq: connection sharing
    firewalld: firewall support
    iptables: connection sharing [installed]
    iwd: wpa_supplicant alternative
    libnvme: NBFT support
    modemmanager: cellular network support
    nftables: connection sharing [installed]
    openresolv: alternative resolv.conf manager
    pacrunner: PAC proxy support
    polkit: let non-root users control networking [installed]
    ppp: dialup connection support
installing db5.3...
installing perl...
installing perl-error...
installing perl-timedate...
installing perl-mailtools...
installing zlib-ng...
installing git...
Optional dependencies for git
    git-zsh-completion: upstream zsh completion
    tk: gitk and git gui
    openssh: ssh transport and crypto [installed]
    man: show help with `git command --help`
    perl-libwww: git svn
    perl-term-readkey: git svn and interactive.singlekey setting
    perl-io-socket-ssl: git send-email TLS support
    perl-authen-sasl: git send-email TLS support
    perl-cgi: gitweb (web interface) support
    python: git svn & git p4 [installed]
    subversion: git svn
    org.freedesktop.secrets: keyring credential helper
    libsecret: libsecret credential helper [installed]
    less: the default pager for git
installing vim-runtime...
Optional dependencies for vim-runtime
    sh: support for some tools and macros [installed]
    python: demoserver example tool [installed]
    gawk: mve tools support [installed]
installing vim...
Optional dependencies for vim
    python: Python language support [installed]
    ruby: Ruby language support
    lua: Lua language support
    perl: Perl language support [installed]
    tcl: Tcl language support
installing compiler-rt...
installing llvm-libs...
installing lld...
installing libisl...
installing libmpc...
installing gcc...
Optional dependencies for gcc
    lib32-gcc-libs: for generating code for 32-bit ABI
installing llhttp...
installing libgit2...
installing rust...
Optional dependencies for rust
    gdb: rust-gdb script [pending]
    lldb: rust-lldb script
installing m4...
installing autoconf...
installing automake...
installing bison...
installing xxhash...
installing cpio...
installing elfutils...
installing boost-libs...
Optional dependencies for boost-libs
    openmpi: for mpi support
installing gc...
installing guile...
installing gdb-common...
installing source-highlight...
Optional dependencies for source-highlight
    lesspipe: src-hilite-lesspipe.sh
installing gdb...
installing debugedit...
installing fakeroot...
installing flex...
installing groff...
Optional dependencies for groff
    netpbm: for use together with man -H command interaction in browsers
    psutils: for use together with man -H command interaction in browsers
    libxaw: for gxditview
    perl-file-homedir: for use with glilypond
installing libtool...
installing make...
installing patch...
Optional dependencies for patch
    ed: for patch -e functionality
installing pkgconf...
installing texinfo...
Optional dependencies for texinfo
    perl-archive-zip: EPUB file output via texi2any
installing which...
installing base-devel...
:: Running post-transaction hooks...
( 1/18) Generating the configured locale...
Generating locales...
Generation complete.
( 2/18) Configuring dynamic linker run-time bindings...
( 3/18) Creating iconv module configuration cache...
( 4/18) Creating system user accounts...
Creating group 'polkitd' with GID 102.
Creating group 'alpm' with GID 970.
Creating user 'alpm' (Arch Linux Package Management) with UID 970 and GID 970.
Creating group 'git' with GID 969.
Creating user 'git' (git daemon user) with UID 969 and GID 969.
Creating group 'pcscd' with GID 968.
Creating user 'pcscd' (PC/SC Smart Card Daemon) with UID 968 and GID 968.
Creating user 'polkitd' (User for polkitd) with UID 102 and GID 102.
( 5/18) Creating temporary files...
( 6/18) Updating journal message catalog...
( 7/18) Updating udev hardware database...
( 8/18) Applying kernel sysctl settings...
  Skipped: Running in chroot.
( 9/18) Reloading system manager configuration...
  Skipped: Running in chroot.
(10/18) Reloading user manager configuration...
  Skipped: Running in chroot.
(11/18) Reloading device manager configuration...
  Skipped: Running in chroot.
(12/18) Arming ConditionNeedsUpdate...
(13/18) Rebuilding certificate stores...
(14/18) Updating module dependencies...
(15/18) Updating linux initcpios...
==> Building image from preset: /etc/mkinitcpio.d/linux.preset: 'default'
==> Using default configuration file: '/etc/mkinitcpio.conf'
  -> -k /boot/vmlinuz-linux -g /boot/initramfs-linux.img
==> Starting build: '7.2.8-arch1-2'
  -> Running build hook: [base]
  -> Running build hook: [systemd]
  -> Running build hook: [autodetect]
  -> Running build hook: [microcode]
  -> Running build hook: [modconf]
  -> Running build hook: [kms]
  -> Running build hook: [keyboard]
  -> Running build hook: [sd-vconsole]
==> WARNING: sd-vconsole: "/etc/vconsole.conf" not found, will use default values
  -> Running build hook: [block]
  -> Running build hook: [filesystems]
  -> Running build hook: [fsck]
==> Generating module dependencies
==> Creating zstd-compressed initcpio image: '/boot/initramfs-linux.img'
  -> Early uncompressed CPIO image generation successful
==> Initcpio image generation successful
(16/18) Reloading system bus configuration...
  Skipped: Running in chroot.
(17/18) Checking for old perl modules...
(18/18) Updating the info directory file...
Generating locales...
  en_US.UTF-8... done
  ru_RU.UTF-8... done
Generation complete.
/etc/sudoers: parsed OK
/etc/sudoers.d/10-wheel: parsed OK
ln: failed to create symbolic link '/etc/resolv.conf': Device or resource busy
  % Total    % Received % Xferd  Average Speed  Time    Time    Time   Current
                                 Dload  Upload  Total   Spent   Left   Speed
  0      0   0      0   0      0      0      0                              0  0 126.6k   0      0   0      0      0      0                              0  0 126.6k   0      0   0      0      0      0                              0  0 126.6k   0      0   0      0      0      0                              0
HTTP/2 200 
server: nginx
date: Wed, 07 Oct 2026 19:59:33 GMT
content-type: application/octet-stream
content-length: 129659
last-modified: Fri, 02 Oct 2026 20:14:14 GMT
etag: "6ac01096-1fa7b"
strict-transport-security: max-age=31536000; includeSubdomains; preload
accept-ranges: bytes

RESUMING PACKAGE STAGE ONLY; no repartitioning
==> Creating install root at /mnt
==> Installing packages to /mnt
:: Synchronizing package databases...
 core downloading...
 extra downloading...
warning: base-3-3 is up to date -- reinstalling
warning: linux-7.2.8.arch1-2 is up to date -- reinstalling
warning: linux-firmware-20260916-1 is up to date -- reinstalling
warning: intel-ucode-20260925-1 is up to date -- reinstalling
warning: btrfs-progs-7.1-1 is up to date -- reinstalling
warning: dosfstools-4.2-5 is up to date -- reinstalling
warning: gptfdisk-1.0.10-2 is up to date -- reinstalling
warning: grub-2:2.16-1 is up to date -- reinstalling
warning: efibootmgr-18-4 is up to date -- reinstalling
warning: mkinitcpio-42.2-1 is up to date -- reinstalling
warning: systemd-ukify-262-1 is up to date -- reinstalling
warning: arch-install-scripts-31-2 is up to date -- reinstalling
warning: openssh-10.5p1-1 is up to date -- reinstalling
warning: sudo-1.9.17.p2-6 is up to date -- reinstalling
warning: networkmanager-1.58.1-2 is up to date -- reinstalling
warning: curl-8.22.0-1 is up to date -- reinstalling
warning: git-2.56.0-1 is up to date -- reinstalling
warning: vim-9.2.1046-1 is up to date -- reinstalling
warning: pciutils-3.15.0-1 is up to date -- reinstalling
warning: rust-1:1.99.0-1 is up to date -- reinstalling
warning: base-devel-1-2 is up to date -- reinstalling
resolving dependencies...
looking for conflicting packages...

Packages (21) arch-install-scripts-31-2  base-3-3  base-devel-1-2  btrfs-progs-7.1-1  curl-8.22.0-1  dosfstools-4.2-5  efibootmgr-18-4  git-2.56.0-1  gptfdisk-1.0.10-2  grub-2:2.16-1  intel-ucode-20260925-1  linux-7.2.8.arch1-2  linux-firmware-20260916-1  mkinitcpio-42.2-1  networkmanager-1.58.1-2  openssh-10.5p1-1  pciutils-3.15.0-1  rust-1:1.99.0-1  sudo-1.9.17.p2-6  systemd-ukify-262-1  vim-9.2.1046-1

Total Installed Size:  628.07 MiB
Net Upgrade Size:        0.00 MiB

:: Proceed with installation? [Y/n] 
checking keyring...
checking package integrity...
loading package files...
checking for file conflicts...
checking available disk space...
:: Running pre-transaction hooks...
(1/1) Marking sshd.service for restart...
Running in chroot, ignoring command 'set-property'
:: Processing package changes...
reinstalling pciutils...
reinstalling curl...
reinstalling base...
reinstalling mkinitcpio...
reinstalling linux...
reinstalling linux-firmware...
reinstalling intel-ucode...
reinstalling btrfs-progs...
reinstalling dosfstools...
reinstalling gptfdisk...
reinstalling grub...
:: To use the new features provided in this GRUB update, it is recommended
   to install it to the MBR or UEFI. Due to potential configuration
   incompatibilities, it is advised to run both, installation and generation
   of configuration:
     # grub-install ...
     # grub-mkconfig -o /boot/grub/grub.cfg
reinstalling efibootmgr...
reinstalling systemd-ukify...
reinstalling arch-install-scripts...
reinstalling openssh...
reinstalling sudo...
reinstalling networkmanager...
reinstalling git...
reinstalling vim...
reinstalling rust...
reinstalling base-devel...
:: Running post-transaction hooks...
( 1/12) Creating system user accounts...
( 2/12) Creating temporary files...
( 3/12) Reloading system manager configuration...
  Skipped: Running in chroot.
( 4/12) Reloading user manager configuration...
  Skipped: Running in chroot.
( 5/12) Enqueuing marked services...
  Skipped: Running in chroot.
( 6/12) Reloading device manager configuration...
  Skipped: Running in chroot.
( 7/12) Arming ConditionNeedsUpdate...
( 8/12) Updating module dependencies...
( 9/12) Restart a running sshd.service
  Skipped: Running in chroot.
(10/12) Updating linux initcpios...
==> Building image from preset: /etc/mkinitcpio.d/linux.preset: 'default'
==> Using default configuration file: '/etc/mkinitcpio.conf'
  -> -k /boot/vmlinuz-linux -g /boot/initramfs-linux.img
==> Starting build: '7.2.8-arch1-2'
  -> Running build hook: [base]
  -> Running build hook: [systemd]
  -> Running build hook: [autodetect]
  -> Running build hook: [microcode]
  -> Running build hook: [modconf]
  -> Running build hook: [kms]
  -> Running build hook: [keyboard]
  -> Running build hook: [sd-vconsole]
  -> Running build hook: [block]
  -> Running build hook: [filesystems]
  -> Running build hook: [fsck]
==> Generating module dependencies
==> Creating zstd-compressed initcpio image: '/boot/initramfs-linux.img'
  -> Early uncompressed CPIO image generation successful
==> Initcpio image generation successful
(11/12) Reloading system bus configuration...
  Skipped: Running in chroot.
(12/12) Updating the info directory file...
Generating locales...
  en_US.UTF-8... done
  ru_RU.UTF-8... done
Generation complete.
/etc/sudoers: parsed OK
/etc/sudoers.d/10-wheel: parsed OK
Created symlink '/etc/systemd/system/multi-user.target.wants/NetworkManager.service' → '/usr/lib/systemd/system/NetworkManager.service'.
Created symlink '/etc/systemd/system/dbus-org.freedesktop.nm-dispatcher.service' → '/usr/lib/systemd/system/NetworkManager-dispatcher.service'.
Created symlink '/etc/systemd/system/network-online.target.wants/NetworkManager-wait-online.service' → '/usr/lib/systemd/system/NetworkManager-wait-online.service'.
Created symlink '/etc/systemd/system/dbus-org.freedesktop.timesync1.service' → '/usr/lib/systemd/system/systemd-timesyncd.service'.
Created symlink '/etc/systemd/system/sysinit.target.wants/systemd-timesyncd.service' → '/usr/lib/systemd/system/systemd-timesyncd.service'.
Created symlink '/etc/systemd/system/multi-user.target.wants/sshd.service' → '/usr/lib/systemd/system/sshd.service'.
No database errors have been found!
looom 0.2.0 (native Rust)
==> Starting build: '7.2.8-arch1-2'
  -> Running build hook: [base]
  -> Running build hook: [systemd]
  -> Running build hook: [microcode]
  -> Running build hook: [modconf]
  -> Running build hook: [kms]
==> WARNING: Possibly missing firmware for module: 'ast'
  -> Running build hook: [keyboard]
==> WARNING: Possibly missing firmware for module: 'xhci_pci_renesas'
  -> Running build hook: [sd-vconsole]
  -> Running build hook: [block]
==> WARNING: Possibly missing firmware for module: 'aic94xx'
==> WARNING: Possibly missing firmware for module: 'bfa'
==> WARNING: Possibly missing firmware for module: 'qed'
==> WARNING: Possibly missing firmware for module: 'qla2xxx'
==> WARNING: Possibly missing firmware for module: 'qla1280'
==> WARNING: Possibly missing firmware for module: 'wd719x'
  -> Running build hook: [filesystems]
  -> Running build hook: [fsck]
==> Generating module dependencies
==> Creating zstd-compressed initcpio image
  -> Early uncompressed CPIO image generation successful
==> Initcpio image generation successful
==> Creating unified kernel image: '/efi/EFI/Linux/looom-bootstrap.pending.efi'
  -> Using ukify to build UKI
Using config file: /usr/lib/kernel/uki.conf
Wrote unsigned /efi/EFI/Linux/looom-bootstrap.pending.efi
==> Unified kernel image generation successful
Installing for x86_64-efi platform.
Installation finished. No error reported.
Registered Btrfs/UEFI machine; sudo requires a password by default
Prepared native bootstrap; register its UEFI entry with looom boot-entry, then build/publish/try a release
BootCurrent: 0006
Timeout: 1 seconds
BootOrder: 0000,0002,0005,0006,0003,0001
Boot0001* UEFI: Built-in EFI Shell	VenMedia(5023b95c-db26-429b-a648-bd47664c8012)0000424f
Boot0002* Linux Boot Manager	HD(1,GPT,790367b1-fc06-47bc-a389-2232ae73bc0f,0x1000,0x200000)/\EFI\systemd\systemd-bootx64.efi
Boot0003* UEFI: PXE IPv4 Realtek PCIe GBE Family Controller	PciRoot(0x0)/Pci(0x1c,0x0)/Pci(0x0,0x0)/MAC(e8ff1ed0be47,0)/IPv4(0.0.0.0,0,DHCP,0.0.0.0,0.0.0.0,0.0.0.0)0000424f
Boot0005* UEFI OS	HD(1,GPT,790367b1-fc06-47bc-a389-2232ae73bc0f,0x1000,0x200000)/\EFI\BOOT\BOOTX64.EFI0000424f
Boot0006* UEFI: Netac, Partition 2	PciRoot(0x0)/Pci(0x14,0x0)/USB(12,0)/HD(2,GPT,0517a087-59cf-404c-9a8f-d8257f9487fd,0x73e9fd8,0x10000)0000424f
Boot0000* looom	HD(1,GPT,093001c2-2b26-4e8f-b4f1-c1dee30f43a2,0x800,0x400000)/\EFI\looom\grubx64.efi
Registered looom UEFI entry; existing fallback loader retained
Running: bootstrap
GRUB: {"saved_entry":"looom-bootstrap"}
umount: /mnt/run: target is busy.
BootCurrent: 0006
Timeout: 1 seconds
BootOrder: 0000,0002,0005,0006,0003,0001
Boot0000* looom	HD(1,GPT,093001c2-2b26-4e8f-b4f1-c1dee30f43a2,0x800,0x400000)/\EFI\looom\grubx64.efi
      dp: 04 01 2a 00 01 00 00 00 00 08 00 00 00 00 00 00 00 00 40 00 00 00 00 00 c2 01 30 09 26 2b 8f 4e b4 f1 c1 de e3 0f 43 a2 02 02 / 04 04 32 00 5c 00 45 00 46 00 49 00 5c 00 6c 00 6f 00 6f 00 6f 00 6d 00 5c 00 67 00 72 00 75 00 62 00 78 00 36 00 34 00 2e 00 65 00 66 00 69 00 00 00 / 7f ff 04 00
Boot0001* UEFI: Built-in EFI Shell	VenMedia(5023b95c-db26-429b-a648-bd47664c8012)0000424f
      dp: 04 03 14 00 5c b9 23 50 26 db 9b 42 a6 48 bd 47 66 4c 80 12 / 7f ff 04 00
    data: 00 00 42 4f
Boot0002* Linux Boot Manager	HD(1,GPT,790367b1-fc06-47bc-a389-2232ae73bc0f,0x1000,0x200000)/\EFI\systemd\systemd-bootx64.efi
      dp: 04 01 2a 00 01 00 00 00 00 10 00 00 00 00 00 00 00 00 20 00 00 00 00 00 b1 67 03 79 06 fc bc 47 a3 89 22 32 ae 73 bc 0f 02 02 / 04 04 46 00 5c 00 45 00 46 00 49 00 5c 00 73 00 79 00 73 00 74 00 65 00 6d 00 64 00 5c 00 73 00 79 00 73 00 74 00 65 00 6d 00 64 00 2d 00 62 00 6f 00 6f 00 74 00 78 00 36 00 34 00 2e 00 65 00 66 00 69 00 00 00 / 7f ff 04 00
Boot0003* UEFI: PXE IPv4 Realtek PCIe GBE Family Controller	PciRoot(0x0)/Pci(0x1c,0x0)/Pci(0x0,0x0)/MAC(e8ff1ed0be47,0)/IPv4(0.0.0.0,0,DHCP,0.0.0.0,0.0.0.0,0.0.0.0)0000424f
      dp: 02 01 0c 00 d0 41 03 0a 00 00 00 00 / 01 01 06 00 00 1c / 01 01 06 00 00 00 / 03 0b 25 00 e8 ff 1e d0 be 47 00 00 00 00 00 00 00 00 00 00 00 00 00 00 00 00 00 00 00 00 00 00 00 00 00 00 00 / 03 0c 1b 00 00 00 00 00 00 00 00 00 00 00 00 00 00 00 00 00 00 00 00 00 00 00 00 / 7f ff 04 00
    data: 00 00 42 4f
Boot0005* UEFI OS	HD(1,GPT,790367b1-fc06-47bc-a389-2232ae73bc0f,0x1000,0x200000)/\EFI\BOOT\BOOTX64.EFI0000424f
      dp: 04 01 2a 00 01 00 00 00 00 10 00 00 00 00 00 00 00 00 20 00 00 00 00 00 b1 67 03 79 06 fc bc 47 a3 89 22 32 ae 73 bc 0f 02 02 / 04 04 30 00 5c 00 45 00 46 00 49 00 5c 00 42 00 4f 00 4f 00 54 00 5c 00 42 00 4f 00 4f 00 54 00 58 00 36 00 34 00 2e 00 45 00 46 00 49 00 00 00 / 7f ff 04 00
    data: 00 00 42 4f
Boot0006* UEFI: Netac, Partition 2	PciRoot(0x0)/Pci(0x14,0x0)/USB(12,0)/HD(2,GPT,0517a087-59cf-404c-9a8f-d8257f9487fd,0x73e9fd8,0x10000)0000424f
      dp: 02 01 0c 00 d0 41 03 0a 00 00 00 00 / 01 01 06 00 00 14 / 03 05 06 00 0c 00 / 04 01 2a 00 02 00 00 00 d8 9f 3e 07 00 00 00 00 00 00 01 00 00 00 00 00 87 a0 17 05 cf 59 4c 40 9a 8f d8 25 7f 94 87 fd 02 02 / 7f ff 04 00
    data: 00 00 42 4f
INSTALLATION PREPARED; reboot is a separate, verified step
