    Updating crates.io index
 Downloading crates ...
  Downloaded zmij v1.0.23
  Downloaded annotate-snippets v0.12.16
  Downloaded anyhow v1.0.104
  Downloaded zeroize v1.9.0
  Downloaded anstyle v1.0.14
  Downloaded arraydeque v0.5.1
  Downloaded ahash v0.8.12
  Downloaded multiversion_no_op v1.0.0
  Downloaded block-buffer v0.10.4
  Downloaded crypto-common v0.1.7
  Downloaded hashlink v0.12.2
  Downloaded cfg-if v1.0.5
  Downloaded scopeguard v1.2.0
  Downloaded itoa v1.0.18
  Downloaded version_check v0.9.5
  Downloaded fastrand v2.5.0
  Downloaded libloading v0.8.9
  Downloaded autocfg v1.5.1
  Downloaded digest v0.10.7
  Downloaded rustversion v1.0.23
  Downloaded sha2 v0.10.9
  Downloaded simdutf8 v0.1.5
  Downloaded once_cell v1.21.4
  Downloaded quote v1.0.47
  Downloaded cpufeatures v0.2.17
  Downloaded generic-array v0.14.7
  Downloaded rtoolbox v0.0.6
  Downloaded getrandom v0.3.4
  Downloaded serde_core v1.0.229
  Downloaded core_detect v1.0.0
  Downloaded encoding_rs_io v0.1.8
  Downloaded serde_derive v1.0.229
  Downloaded base64 v0.22.1
  Downloaded errno v0.3.14
  Downloaded proc-macro2 v1.0.107
  Downloaded unicode-ident v1.0.26
  Downloaded nohash-hasher v0.2.0
  Downloaded zerocopy v0.8.60
  Downloaded yaml-rust2 v0.13.0
  Downloaded typenum v1.20.1
  Downloaded foldhash v0.2.0
  Downloaded rpassword v7.5.4
  Downloaded smallvec v1.15.2
  Downloaded getrandom v0.4.3
  Downloaded num-traits v0.2.19
  Downloaded tempfile v3.27.0
  Downloaded bitflags v2.13.2
  Downloaded serde v1.0.229
  Downloaded memchr v2.8.3
  Downloaded hashbrown v0.17.1
  Downloaded serde_json v1.0.151
  Downloaded granit-parser v0.0.7
  Downloaded syn v3.0.6
  Downloaded unicode-width v0.2.2
  Downloaded rustix v1.1.5
  Downloaded serde-saphyr v0.0.29
  Downloaded encoding_rs v0.8.42
  Downloaded libc v0.2.190
  Downloaded linux-raw-sys v0.12.1
   Compiling version_check v0.9.5
   Compiling libc v0.2.190
   Compiling cfg-if v1.0.5
   Compiling rustversion v1.0.23
   Compiling proc-macro2 v1.0.107
   Compiling generic-array v0.14.7
   Compiling serde_core v1.0.229
   Compiling typenum v1.20.1
   Compiling unicode-ident v1.0.26
   Compiling quote v1.0.47
   Compiling encoding_rs v0.8.42
   Compiling getrandom v0.3.4
   Compiling zerocopy v0.8.60
   Compiling autocfg v1.5.1
   Compiling zmij v1.0.23
   Compiling num-traits v0.2.19
   Compiling ahash v0.8.12
   Compiling foldhash v0.2.0
   Compiling core_detect v1.0.0
   Compiling getrandom v0.4.3
   Compiling once_cell v1.21.4
   Compiling rustix v1.1.5
   Compiling simdutf8 v0.1.5
   Compiling arraydeque v0.5.1
   Compiling scopeguard v1.2.0
   Compiling multiversion_no_op v1.0.0
   Compiling hashbrown v0.17.1
   Compiling block-buffer v0.10.4
   Compiling crypto-common v0.1.7
   Compiling syn v3.0.6
   Compiling anyhow v1.0.104
   Compiling serde_json v1.0.151
   Compiling bitflags v2.13.2
   Compiling linux-raw-sys v0.12.1
   Compiling serde v1.0.229
   Compiling smallvec v1.15.2
   Compiling unicode-width v0.2.2
   Compiling anstyle v1.0.14
   Compiling granit-parser v0.0.7
   Compiling annotate-snippets v0.12.16
   Compiling serde_derive v1.0.229
   Compiling encoding_rs_io v0.1.8
   Compiling hashlink v0.12.2
   Compiling digest v0.10.7
   Compiling rtoolbox v0.0.6
   Compiling itoa v1.0.18
   Compiling base64 v0.22.1
   Compiling fastrand v2.5.0
   Compiling memchr v2.8.3
   Compiling nohash-hasher v0.2.0
   Compiling cpufeatures v0.2.17
   Compiling sha2 v0.10.9
   Compiling serde-saphyr v0.0.29
   Compiling tempfile v3.27.0
   Compiling rpassword v7.5.4
   Compiling yaml-rust2 v0.13.0
   Compiling libloading v0.8.9
   Compiling zeroize v1.9.0
   Compiling looom v0.2.0 (/var/lib/looom/dev/src)
    Finished `release` profile [optimized] target(s) in 39.39s
ad1b202065e3c46559bf917d02480572a612e972616c3d049f1278634512b467  /usr/bin/looom
looom 0.2.0 (native Rust)
