    Checking looom v0.2.0 (/workspace)
    Finished `dev` profile [unoptimized + debuginfo] target(s) in 1.41s
   Compiling looom v0.2.0 (/workspace)
    Finished `release` profile [optimized] target(s) in 20.21s
     Running unittests src/lib.rs (target/release/deps/looom-61e05d77d250c39a)

running 0 tests

test result: ok. 0 passed; 0 failed; 0 ignored; 0 measured; 0 filtered out; finished in 0.00s

     Running unittests src/main.rs (target/release/deps/looom-547d6dc8651e4711)

running 0 tests

test result: ok. 0 passed; 0 failed; 0 ignored; 0 measured; 0 filtered out; finished in 0.00s

     Running unittests src/bin/looom-n100-test.rs (target/release/deps/looom_n100_test-99f031e22155bdeb)

running 0 tests

test result: ok. 0 passed; 0 failed; 0 ignored; 0 measured; 0 filtered out; finished in 0.00s

     Running unittests src/bin/looom-vm-bootstrap.rs (target/release/deps/looom_vm_bootstrap-88e7c4e0fc6ac5b8)

running 0 tests

test result: ok. 0 passed; 0 failed; 0 ignored; 0 measured; 0 filtered out; finished in 0.00s

     Running unittests src/bin/looom-vm-durability.rs (target/release/deps/looom_vm_durability-8bde3c8113f22cec)

running 0 tests

test result: ok. 0 passed; 0 failed; 0 ignored; 0 measured; 0 filtered out; finished in 0.00s

     Running unittests src/bin/looom-vm-gc.rs (target/release/deps/looom_vm_gc-0cc6091d8ae347c2)

running 0 tests

test result: ok. 0 passed; 0 failed; 0 ignored; 0 measured; 0 filtered out; finished in 0.00s

     Running unittests src/bin/looom-vm-test.rs (target/release/deps/looom_vm_test-28745369bfc67b90)

running 0 tests

test result: ok. 0 passed; 0 failed; 0 ignored; 0 measured; 0 filtered out; finished in 0.00s

     Running tests/bootstrap.rs (target/release/deps/bootstrap-830f6de0fb9a73f6)

running 1 test
test native_bootstrap_on_isolated_prepared_arch ... Create snapshot of '/run/looom-bootstrap-top-bootstrap-rek8oi/@bootstrap' in '/run/looom-bootstrap-top-bootstrap-rek8oi/@bootstrap-bootstrap-rek8oi'
Create subvolume '/run/looom-bootstrap-top-bootstrap-rek8oi/@home-bootstrap-rek8oi'
Create subvolume '/run/looom-bootstrap-top-bootstrap-rek8oi/@var-bootstrap-rek8oi'
Create subvolume '/run/looom-bootstrap-top-bootstrap-rek8oi/@state-bootstrap-rek8oi'
mkfs.fat 4.2 (2021-01-31)
Valid schema 1; 1 packages, 1 files, 2 persistent directories
Valid schema 1; 1 packages, 1 files, 2 persistent directories
Valid schema 1; 1 packages, 1 files, 2 persistent directories
Valid schema 1; 1 packages, 1 files, 2 persistent directories
Valid schema 1; 1 packages, 1 files, 2 persistent directories
Valid schema 1; 1 packages, 1 files, 2 persistent directories
Valid schema 1; 1 packages, 1 files, 2 persistent directories
Machine already initialized
Prepared native bootstrap; register its UEFI entry with looom boot-entry, then build/publish/try a release
Delete subvolume 379 (commit): '/run/looom-bootstrap-top-bootstrap-rek8oi/@state-bootstrap-rek8oi'
Delete subvolume 378 (commit): '/run/looom-bootstrap-top-bootstrap-rek8oi/@var-bootstrap-rek8oi'
Delete subvolume 377 (commit): '/run/looom-bootstrap-top-bootstrap-rek8oi/@home-bootstrap-rek8oi'
Delete subvolume 376 (commit): '/run/looom-bootstrap-top-bootstrap-rek8oi/@bootstrap-bootstrap-rek8oi'
ok

test result: ok. 1 passed; 0 failed; 0 ignored; 0 measured; 0 filtered out; finished in 41.88s

     Running tests/configuration.rs (target/release/deps/configuration-c978876964239e9c)

running 5 tests
test accepts_declared_vm_resources ... ok
test accepts_generalized_user_and_rejects_bad_identity ... ok
test rejects_source_directory_symlink ... ok
test rejects_source_symlink ... ok
test rejects_unsafe_or_ambiguous_inputs ... ok

test result: ok. 5 passed; 0 failed; 0 ignored; 0 measured; 0 filtered out; finished in 0.04s

     Running tests/runtime.rs (target/release/deps/runtime-dd228082e7b5500d)

running 1 test
test native_runtime_suite ... mkfs.fat 4.2 (2021-01-31)
Create subvolume '/run/looom-native-top-rust-rWSUWG/@root-rust-gc-rust-rwsuwg'
@root-rust-gc-rust-rwsuwg
	Name: 			@root-rust-gc-rust-rwsuwg
	UUID: 			02c07058-8473-8d46-9066-f3d73673c6f1
	Parent UUID: 		-
	Received UUID: 		-
	Creation time: 		2026-10-09 18:18:03 +0300
	Subvolume ID: 		380
	Generation: 		1383
	Gen at creation: 	1383
	Parent ID: 		5
	Top level ID: 		5
	Flags: 			-
	Send transid: 		0
	Send time: 		2026-10-09 18:18:03 +0300
	Receive transid: 	0
	Receive time: 		-
	Snapshot(s):
	Quota group:		n/a
Delete subvolume 380 (commit): '/run/looom-native-top-rust-rWSUWG/@root-rust-gc-rust-rwsuwg'
ok

test result: ok. 1 passed; 0 failed; 0 ignored; 0 measured; 0 filtered out; finished in 7.06s

   Doc-tests looom

running 0 tests

test result: ok. 0 passed; 0 failed; 0 ignored; 0 measured; 0 filtered out; finished in 0.00s

    Finished `release` profile [optimized] target(s) in 0.03s
