    Checking looom v0.2.0 (/workspace)
    Finished `dev` profile [unoptimized + debuginfo] target(s) in 0.28s
   Compiling looom v0.2.0 (/workspace)
    Finished `release` profile [optimized] target(s) in 3.60s
     Running unittests src/lib.rs (target/release/deps/looom-61e05d77d250c39a)

running 0 tests

test result: ok. 0 passed; 0 failed; 0 ignored; 0 measured; 0 filtered out; finished in 0.00s

     Running unittests src/main.rs (target/release/deps/looom-547d6dc8651e4711)

running 0 tests

test result: ok. 0 passed; 0 failed; 0 ignored; 0 measured; 0 filtered out; finished in 0.00s

     Running unittests src/bin/looom-n100-test.rs (target/release/deps/looom_n100_test-99f031e22155bdeb)

running 0 tests

test result: ok. 0 passed; 0 failed; 0 ignored; 0 measured; 0 filtered out; finished in 0.00s

     Running unittests src/bin/looom-vm-bootstrap.rs (target/release/deps/looom_vm_bootstrap-88e7c4e0fc6ac5b8)

running 0 tests

test result: ok. 0 passed; 0 failed; 0 ignored; 0 measured; 0 filtered out; finished in 0.00s

     Running unittests src/bin/looom-vm-durability.rs (target/release/deps/looom_vm_durability-8bde3c8113f22cec)

running 0 tests

test result: ok. 0 passed; 0 failed; 0 ignored; 0 measured; 0 filtered out; finished in 0.00s

     Running unittests src/bin/looom-vm-gc.rs (target/release/deps/looom_vm_gc-0cc6091d8ae347c2)

running 0 tests

test result: ok. 0 passed; 0 failed; 0 ignored; 0 measured; 0 filtered out; finished in 0.00s

     Running unittests src/bin/looom-vm-test.rs (target/release/deps/looom_vm_test-28745369bfc67b90)

running 0 tests

test result: ok. 0 passed; 0 failed; 0 ignored; 0 measured; 0 filtered out; finished in 0.00s

     Running tests/bootstrap.rs (target/release/deps/bootstrap-830f6de0fb9a73f6)

running 1 test
test native_bootstrap_on_isolated_prepared_arch ... Create snapshot of '/run/looom-bootstrap-top-bootstrap-a578wn/@bootstrap' in '/run/looom-bootstrap-top-bootstrap-a578wn/@bootstrap-bootstrap-a578wn'
Create subvolume '/run/looom-bootstrap-top-bootstrap-a578wn/@home-bootstrap-a578wn'
Create subvolume '/run/looom-bootstrap-top-bootstrap-a578wn/@var-bootstrap-a578wn'
Create subvolume '/run/looom-bootstrap-top-bootstrap-a578wn/@state-bootstrap-a578wn'
mkfs.fat 4.2 (2021-01-31)
Valid schema 1; 1 packages, 1 files, 2 persistent directories
Valid schema 1; 1 packages, 1 files, 2 persistent directories
Valid schema 1; 1 packages, 1 files, 2 persistent directories
Valid schema 1; 1 packages, 1 files, 2 persistent directories
Valid schema 1; 1 packages, 1 files, 2 persistent directories
Valid schema 1; 1 packages, 1 files, 2 persistent directories
Valid schema 1; 1 packages, 1 files, 2 persistent directories
Machine already initialized
Prepared native bootstrap; register its UEFI entry with looom boot-entry, then build/publish/try a release
Delete subvolume 387 (commit): '/run/looom-bootstrap-top-bootstrap-a578wn/@state-bootstrap-a578wn'
Delete subvolume 386 (commit): '/run/looom-bootstrap-top-bootstrap-a578wn/@var-bootstrap-a578wn'
Delete subvolume 385 (commit): '/run/looom-bootstrap-top-bootstrap-a578wn/@home-bootstrap-a578wn'
Delete subvolume 384 (commit): '/run/looom-bootstrap-top-bootstrap-a578wn/@bootstrap-bootstrap-a578wn'
ok

test result: ok. 1 passed; 0 failed; 0 ignored; 0 measured; 0 filtered out; finished in 43.10s

     Running tests/configuration.rs (target/release/deps/configuration-c978876964239e9c)

running 5 tests
test accepts_declared_vm_resources ... ok
test accepts_generalized_user_and_rejects_bad_identity ... ok
test rejects_source_directory_symlink ... ok
test rejects_source_symlink ... ok
test rejects_unsafe_or_ambiguous_inputs ... ok

test result: ok. 5 passed; 0 failed; 0 ignored; 0 measured; 0 filtered out; finished in 0.07s

     Running tests/runtime.rs (target/release/deps/runtime-dd228082e7b5500d)

running 1 test
test native_runtime_suite ... mkfs.fat 4.2 (2021-01-31)
Create subvolume '/run/looom-native-top-rust-S0LjVA/@root-rust-gc-rust-s0ljva'
@root-rust-gc-rust-s0ljva
	Name: 			@root-rust-gc-rust-s0ljva
	UUID: 			ba6018d2-e20b-3e44-b963-a3f406ed198b
	Parent UUID: 		-
	Received UUID: 		-
	Creation time: 		2026-10-09 18:11:12 +0300
	Subvolume ID: 		388
	Generation: 		1340
	Gen at creation: 	1340
	Parent ID: 		5
	Top level ID: 		5
	Flags: 			-
	Send transid: 		0
	Send time: 		2026-10-09 18:11:12 +0300
	Receive transid: 	0
	Receive time: 		-
	Snapshot(s):
	Quota group:		n/a
Delete subvolume 388 (commit): '/run/looom-native-top-rust-S0LjVA/@root-rust-gc-rust-s0ljva'
ok

test result: ok. 1 passed; 0 failed; 0 ignored; 0 measured; 0 filtered out; finished in 6.30s

   Doc-tests looom

running 0 tests

test result: ok. 0 passed; 0 failed; 0 ignored; 0 measured; 0 filtered out; finished in 0.00s

    Finished `release` profile [optimized] target(s) in 0.11s
