ID 256 gen 1198 top level 5 path @bootstrap
ID 257 gen 1506 top level 5 path @home
ID 258 gen 1508 top level 5 path @var
ID 259 gen 1507 top level 5 path @state
ID 284 gen 156 top level 5 path @build-interrupted
ID 285 gen 155 top level 284 path @build-interrupted/var/lib/portables
ID 286 gen 155 top level 284 path @build-interrupted/var/lib/machines
ID 291 gen 1488 top level 5 path @toolchain-20261006
ID 292 gen 350 top level 5 path @build-mvp-a
ID 293 gen 349 top level 292 path @build-mvp-a/var/lib/portables
ID 294 gen 349 top level 292 path @build-mvp-a/var/lib/machines
ID 295 gen 356 top level 5 path @build-mvp-a2
ID 296 gen 355 top level 295 path @build-mvp-a2/var/lib/portables
ID 297 gen 355 top level 295 path @build-mvp-a2/var/lib/machines
ID 298 gen 363 top level 5 path @build-mvp-a3
ID 299 gen 359 top level 298 path @build-mvp-a3/var/lib/portables
ID 300 gen 359 top level 298 path @build-mvp-a3/var/lib/machines
ID 378 gen 1436 top level 5 path @bootstrap-gc-recovery-final
ID 382 gen 1447 top level 5 path @root-rust-gc-generations
ID 388 gen 1490 top level 5 path @bootstrap-gc-recovery-checked
ID 392 gen 1477 top level 5 path @root-rust-gc-ready
