BootNext: 0006
BootCurrent: 0006
Timeout: 3 seconds
BootOrder: 0005,0003,0002,0000,0001,0004
Boot0000* BootManagerMenuApp	FvVol(7cb8bdc9-f8eb-4f34-aaea-3ee4af6516a1)/FvFile(eec25bdc-67f2-4d95-b1d5-f81b2039d11d)
Boot0001* EFI Firmware Setup	FvVol(7cb8bdc9-f8eb-4f34-aaea-3ee4af6516a1)/FvFile(462caa21-7614-4503-836e-8ab6f4662331)
Boot0002* UEFI QEMU DVD-ROM QM00001 	PciRoot(0x0)/Pci(0x1f,0x2)/Sata(0,65535,0){auto_created_boot_option}
Boot0003* UEFI Misc Device	PciRoot(0x0)/Pci(0x2,0x3)/Pci(0x0,0x0){auto_created_boot_option}
Boot0004* EFI Internal Shell	FvVol(7cb8bdc9-f8eb-4f34-aaea-3ee4af6516a1)/FvFile(7c04a583-9e3e-4f1c-ad65-e05268d0b4d1)
Boot0005* looom	HD(1,GPT,5eceadc7-eec7-44c9-9bb4-491c5c9a03f3,0x800,0x400000)/\EFI\looom\grubx64.efi
Boot0006* looom-safe	HD(1,GPT,5eceadc7-eec7-44c9-9bb4-491c5c9a03f3,0x800,0x400000)/\EFI\looom\safex64.efi
/@bootstrap
BootCurrent: 0006
Timeout: 3 seconds
BootOrder: 0005,0003,0002,0000,0001,0004
Boot0000* BootManagerMenuApp	FvVol(7cb8bdc9-f8eb-4f34-aaea-3ee4af6516a1)/FvFile(eec25bdc-67f2-4d95-b1d5-f81b2039d11d)
active
active
active
Published menu restored; incomplete candidates remain unselected
BootCurrent: 0006
Timeout: 3 seconds
BootOrder: 0006,0005,0003,0002,0000,0001,0004
Boot0000* BootManagerMenuApp	FvVol(7cb8bdc9-f8eb-4f34-aaea-3ee4af6516a1)/FvFile(eec25bdc-67f2-4d95-b1d5-f81b2039d11d)
Boot0001* EFI Firmware Setup	FvVol(7cb8bdc9-f8eb-4f34-aaea-3ee4af6516a1)/FvFile(462caa21-7614-4503-836e-8ab6f4662331)
Boot0002* UEFI QEMU DVD-ROM QM00001 	PciRoot(0x0)/Pci(0x1f,0x2)/Sata(0,65535,0){auto_created_boot_option}
Boot0003* UEFI Misc Device	PciRoot(0x0)/Pci(0x2,0x3)/Pci(0x0,0x0){auto_created_boot_option}
Boot0004* EFI Internal Shell	FvVol(7cb8bdc9-f8eb-4f34-aaea-3ee4af6516a1)/FvFile(7c04a583-9e3e-4f1c-ad65-e05268d0b4d1)
Boot0005* looom	HD(1,GPT,5eceadc7-eec7-44c9-9bb4-491c5c9a03f3,0x800,0x400000)/\EFI\looom\grubx64.efi
Boot0006* looom-safe	HD(1,GPT,5eceadc7-eec7-44c9-9bb4-491c5c9a03f3,0x800,0x400000)/\EFI\looom\safex64.efi
No database errors have been found!
PASS: booted read-only release rust-final, kernel, persistent mounts, units, accounts, exact inventory and native manager
